// Jest Snapshot v1, https://goo.gl/fbAQLP

exports[`Card matches snapshot 1`] = `
<div
  class="sc-bdnylx aHbng"
/>
`;
