// Jest Snapshot v1, https://goo.gl/fbAQLP

exports[`LoginButton matches snapshot 1`] = `
<button
  class="sc-bdnylx fCXfLs"
>
  Login to Spotify
</button>
`;
