// Jest Snapshot v1, https://goo.gl/fbAQLP

exports[`Chip matches snapshot 1`] = `
<div
  class="sc-gtssRu kPXVJF"
>
  <h5
    class="sc-bdnylx iOBUJT sc-dlnjPT byzczw"
    color="black"
    size="12"
  />
</div>
`;
